Component: ARM Compiler 5.06 update 5 (build 528) Tool: armlink [4d35e2]

==============================================================================

Section Cross References

    exercise10.o(MyCode) refers to start.o(Start) for Startup
    exercise10.o(MyCode) refers to exercise10.o(MyData) for RunStopWatch
    exercise10.o(MyCode) refers to exercise10.o(MyConst) for EnterName
    exercise10.o(RESET) refers to start.o(.ARM.__at_0x1FFFE000) for __initial_sp
    exercise10.o(RESET) refers to exercise10.o(MyCode) for Reset_Handler
    exercise10.o(RESET) refers to start.o(Start) for Dummy_Handler


==============================================================================

Image Symbol Table

    Local Symbols

    Symbol Name                              Value     Ov Type        Size  Object(Section)

    RESET                                    0x00000000   Section      192  exercise10.o(RESET)
    ..\Exercise09\MKL46Z4.s                  0x00000000   Number         0  mkl46z4.o ABSOLUTE
    ..\Exercise09\Start.s                    0x00000000   Number         0  start.o ABSOLUTE
    Exercise10.s                             0x00000000   Number         0  exercise10.o ABSOLUTE
    .ARM.__at_0xC0                           0x000000c0   Section       64  start.o(.ARM.__at_0xC0)
    Start                                    0x00000100   Section      252  start.o(Start)
    SystemInit                               0x0000010f   Thumb Code    54  start.o(Start)
    SetClock48MHz                            0x00000145   Thumb Code   140  start.o(Start)
    MyConst                                  0x000001fc   Section      120  exercise10.o(MyConst)
    EnterName                                0x000001fc   Data          20  exercise10.o(MyConst)
    TimeReturn                               0x00000210   Data          12  exercise10.o(MyConst)
    EnterDate                                0x0000021c   Data          19  exercise10.o(MyConst)
    EnterTA                                  0x0000022f   Data          40  exercise10.o(MyConst)
    GoodBye                                  0x00000257   Data          22  exercise10.o(MyConst)
    BILDIV                                   0x00000270   Data           4  exercise10.o(MyConst)
    .ARM.__at_0x400                          0x00000400   Section       16  start.o(.ARM.__at_0x400)
    MyCode                                   0x00000410   Section     1064  exercise10.o(MyCode)
    GetUserInput                             0x00000453   Thumb Code    44  exercise10.o(MyCode)
    PIT_ISR                                  0x0000047f   Thumb Code    26  exercise10.o(MyCode)
    Init_PIT_IRQ                             0x00000499   Thumb Code    66  exercise10.o(MyCode)
    GetChar                                  0x000004db   Thumb Code    16  exercise10.o(MyCode)
    PutChar                                  0x000004eb   Thumb Code    22  exercise10.o(MyCode)
    UART0_ISR                                0x00000501   Thumb Code    58  exercise10.o(MyCode)
    Init_UART0_IRQ                           0x0000053b   Thumb Code   150  exercise10.o(MyCode)
    InitQueue                                0x000005d1   Thumb Code    22  exercise10.o(MyCode)
    Enqueue                                  0x000005e7   Thumb Code    72  exercise10.o(MyCode)
    Dequeue                                  0x0000062f   Thumb Code    70  exercise10.o(MyCode)
    GetStringSB                              0x00000675   Thumb Code    54  exercise10.o(MyCode)
    PutStringSB                              0x000006ab   Thumb Code    24  exercise10.o(MyCode)
    PutNumU                                  0x000006c3   Thumb Code   120  exercise10.o(MyCode)
    DIVU                                     0x0000073b   Thumb Code    62  exercise10.o(MyCode)
    .ARM.__at_0x1FFFE000                     0x1fffe000   Section      256  start.o(.ARM.__at_0x1FFFE000)
    MyData                                   0x1fffe100   Section      288  exercise10.o(MyData)
    Count                                    0x1fffe100   Data           4  exercise10.o(MyData)
    RunStopWatch                             0x1fffe104   Data           1  exercise10.o(MyData)
    TxQ                                      0x1fffe108   Data          80  exercise10.o(MyData)
    TxQRecord                                0x1fffe158   Data          18  exercise10.o(MyData)
    RxQ                                      0x1fffe16c   Data          80  exercise10.o(MyData)
    RxQRecord                                0x1fffe1bc   Data          18  exercise10.o(MyData)

    Global Symbols

    Symbol Name                              Value     Ov Type        Size  Object(Section)

    BuildAttributes$$THM_ISAv3M$S$PE$A:L22$X:L11$S22$IEEE1$IW$USESV6$~STKCKD$USESV7$~SHL$OSPACE$EBA8$STANDARDLIB$EABIv2 0x00000000   Number         0  anon$$obj.o ABSOLUTE
    __Vectors                                0x00000000   Data           0  exercise10.o(RESET)
    __Vectors_End                            0x000000c0   Data           0  exercise10.o(RESET)
    __Vectors_Size                           0x000000c0   Number         0  exercise10.o ABSOLUTE
    Startup                                  0x00000101   Thumb Code    14  start.o(Start)
    Dummy_Handler                            0x000001d1   Thumb Code     2  start.o(Start)
    HardFault_Handler                        0x000001d1   Thumb Code     0  start.o(Start)
    Reset_Handler                            0x00000411   Thumb Code    66  exercise10.o(MyCode)
    __initial_sp                             0x1fffe100   Data           0  start.o(.ARM.__at_0x1FFFE000)



==============================================================================

Memory Map of the image

  Image Entry point : 0x00000411

  Load Region LR_1 (Base: 0x00000000, Size: 0x00000a58, Max: 0xffffffff, ABSOLUTE)

    Execution Region ER_RO (Exec base: 0x00000000, Load base: 0x00000000, Size: 0x00000838, Max: 0xffffffff, ABSOLUTE)

    Exec Addr    Load Addr    Size         Type   Attr      Idx    E Section Name        Object

    0x00000000   0x00000000   0x000000c0   Data   RO            2    RESET               exercise10.o
    0x000000c0   0x000000c0   0x00000040   Data   RO           11    .ARM.__at_0xC0      start.o
    0x00000100   0x00000100   0x000000fc   Code   RO           10    Start               start.o
    0x000001fc   0x000001fc   0x00000078   Data   RO            3    MyConst             exercise10.o
    0x00000274   0x00000274   0x0000018c   PAD
    0x00000400   0x00000400   0x00000010   Code   RO           12    .ARM.__at_0x400     start.o
    0x00000410   0x00000410   0x00000428   Code   RO            1  * MyCode              exercise10.o


    Execution Region ER_RW (Exec base: 0x1fffe000, Load base: 0x00000838, Size: 0x00000220, Max: 0xffffffff, ABSOLUTE)

    Exec Addr    Load Addr    Size         Type   Attr      Idx    E Section Name        Object

    0x1fffe000   0x00000838   0x00000100   Data   RW           13    .ARM.__at_0x1FFFE000  start.o
    0x1fffe100   0x00000938   0x00000120   Data   RW            4    MyData              exercise10.o


    Execution Region ER_ZI (Exec base: 0x1fffe220, Load base: 0x00000a58, Size: 0x00000000, Max: 0xffffffff, ABSOLUTE)

    **** No section assigned to this execution region ****


==============================================================================

Image component sizes


      Code (inc. data)   RO Data    RW Data    ZI Data      Debug   Object Name

      1064        192        312        288          0       1392   exercise10.o
       268         58         64        256          0        780   start.o

    ----------------------------------------------------------------------
      1332        250        772        544          0       2172   Object Totals
         0          0          0          0          0          0   (incl. Generated)
         0          0        396          0          0          0   (incl. Padding)

    ----------------------------------------------------------------------
         0          0          0          0          0          0   Library Totals
         0          0          0          0          0          0   (incl. Padding)

    ----------------------------------------------------------------------

==============================================================================


      Code (inc. data)   RO Data    RW Data    ZI Data      Debug   

      1332        250        772        544          0       2068   Grand Totals
      1332        250        772        544          0       2068   ELF Image Totals
      1332        250        772        544          0          0   ROM Totals

==============================================================================

    Total RO  Size (Code + RO Data)                 2104 (   2.05kB)
    Total RW  Size (RW Data + ZI Data)               544 (   0.53kB)
    Total ROM Size (Code + RO Data + RW Data)       2648 (   2.59kB)

==============================================================================

